[0m22:48:18.227612 [debug] [MainThread]: Sending event: {'category': 'dbt', 'action': 'invocation', 'label': 'start', 'context': [<snowplow_tracker.self_describing_json.SelfDescribingJson object at 0x000001F4D1486660>, <snowplow_tracker.self_describing_json.SelfDescribingJson object at 0x000001F4CE1BF110>, <snowplow_tracker.self_describing_json.SelfDescribingJson object at 0x000001F4D288FB10>]}


============================== 22:48:18.238633 | af5882ee-f9de-4593-9da8-61ad1204db70 ==============================
[0m22:48:18.238633 [info ] [MainThread]: Running with dbt=1.11.11
[0m22:48:18.240240 [debug] [MainThread]: running dbt with arguments {'version_check': 'True', 'no_print': 'None', 'static_parser': 'True', 'target_path': 'None', 'warn_error_options': 'WarnErrorOptionsV2(error=[], warn=[], silence=[])', 'printer_width': '80', 'write_json': 'True', 'introspect': 'True', 'log_cache_events': 'False', 'empty': 'None', 'cache_selected_only': 'False', 'fail_fast': 'False', 'debug': 'False', 'log_format': 'default', 'partial_parse': 'True', 'send_anonymous_usage_stats': 'True', 'quiet': 'False', 'warn_error': 'None', 'profiles_dir': 'C:\\Users\\ASUS Vivobook\\.dbt', 'invocation_command': 'dbt init routewise_dbt', 'indirect_selection': 'eager', 'use_colors': 'True', 'use_experimental_parser': 'False', 'log_path': 'logs'}
[0m22:48:18.336752 [debug] [MainThread]: Starter project path: D:\de-learning-journey\venv\Lib\site-packages\dbt\include\starter_project
[0m22:48:18.395823 [info ] [MainThread]: 
Your new dbt project "routewise_dbt" was created!

For more information on how to configure the profiles.yml file,
please consult the dbt documentation here:

  https://docs.getdbt.com/docs/configure-your-profile

One more thing:

Need help? Don't hesitate to reach out to us via GitHub issues or on Slack:

  https://community.getdbt.com/

Happy modeling!

[0m22:48:18.396853 [info ] [MainThread]: Setting up your profile.
[0m22:52:36.584813 [info ] [MainThread]: Profile routewise_dbt written to C:\Users\ASUS Vivobook\.dbt\profiles.yml using target's profile_template.yml and your supplied values. Run 'dbt debug' to validate the connection.
[0m22:52:36.606949 [debug] [MainThread]: Command `dbt init` succeeded at 22:52:36.606136 after 258.67 seconds
[0m22:52:36.610273 [debug] [MainThread]: Sending event: {'category': 'dbt', 'action': 'invocation', 'label': 'end', 'context': [<snowplow_tracker.self_describing_json.SelfDescribingJson object at 0x000001F4E52E8180>, <snowplow_tracker.self_describing_json.SelfDescribingJson object at 0x000001F4E5348830>, <snowplow_tracker.self_describing_json.SelfDescribingJson object at 0x000001F4E5272CF0>]}
[0m22:52:36.612491 [debug] [MainThread]: Flushing usage events
[0m22:52:38.635073 [debug] [MainThread]: An error was encountered while trying to flush usage events
