[0m21:35:01.503366 [debug] [MainThread]: Sending event: {'category': 'dbt', 'action': 'invocation', 'label': 'start', 'context': [<snowplow_tracker.self_describing_json.SelfDescribingJson object at 0x00000251208BA3C0>, <snowplow_tracker.self_describing_json.SelfDescribingJson object at 0x000002511D5F7110>, <snowplow_tracker.self_describing_json.SelfDescribingJson object at 0x0000025121CA7B10>]}


============================== 21:35:01.517905 | d4703d43-d24c-4224-94b8-628fcf286a3f ==============================
[0m21:35:01.517905 [info ] [MainThread]: Running with dbt=1.11.11
[0m21:35:01.519714 [debug] [MainThread]: running dbt with arguments {'static_parser': 'True', 'no_print': 'None', 'version_check': 'True', 'warn_error_options': 'WarnErrorOptionsV2(error=[], warn=[], silence=[])', 'target_path': 'None', 'printer_width': '80', 'write_json': 'True', 'introspect': 'True', 'log_cache_events': 'False', 'empty': 'None', 'cache_selected_only': 'False', 'log_format': 'default', 'debug': 'False', 'fail_fast': 'False', 'partial_parse': 'True', 'send_anonymous_usage_stats': 'True', 'quiet': 'False', 'warn_error': 'None', 'profiles_dir': 'C:\\Users\\ASUS Vivobook\\.dbt', 'invocation_command': 'dbt init project2_dbt', 'use_colors': 'True', 'indirect_selection': 'eager', 'use_experimental_parser': 'False', 'log_path': 'logs'}
[0m21:35:01.589802 [info ] [MainThread]: Creating dbt configuration folder at C:\Users\ASUS Vivobook\.dbt
[0m21:35:01.596151 [debug] [MainThread]: Starter project path: C:\Users\ASUS Vivobook\Documents\de-learning-journey\venv\Lib\site-packages\dbt\include\starter_project
[0m21:35:01.673716 [info ] [MainThread]: 
Your new dbt project "project2_dbt" was created!

For more information on how to configure the profiles.yml file,
please consult the dbt documentation here:

  https://docs.getdbt.com/docs/configure-your-profile

One more thing:

Need help? Don't hesitate to reach out to us via GitHub issues or on Slack:

  https://community.getdbt.com/

Happy modeling!

[0m21:35:01.674730 [info ] [MainThread]: Setting up your profile.
[0m21:39:18.285204 [error] [MainThread]: Encountered an error:

[0m21:39:18.315494 [error] [MainThread]: Traceback (most recent call last):
  File "C:\Users\ASUS Vivobook\Documents\de-learning-journey\venv\Lib\site-packages\dbt\cli\requires.py", line 182, in wrapper
    result, success = func(*args, **kwargs)
                      ~~~~^^^^^^^^^^^^^^^^^
  File "C:\Users\ASUS Vivobook\Documents\de-learning-journey\venv\Lib\site-packages\dbt\cli\requires.py", line 128, in wrapper
    return func(*args, **kwargs)
  File "C:\Users\ASUS Vivobook\Documents\de-learning-journey\venv\Lib\site-packages\dbt\cli\main.py", line 488, in init
    results = task.run()
  File "C:\Users\ASUS Vivobook\Documents\de-learning-journey\venv\Lib\site-packages\dbt\task\init.py", line 346, in run
    self.setup_profile(profile_name)
    ~~~~~~~~~~~~~~~~~~^^^^^^^^^^^^^^
  File "C:\Users\ASUS Vivobook\Documents\de-learning-journey\venv\Lib\site-packages\dbt\task\init.py", line 262, in setup_profile
    self.create_profile_from_target(adapter, profile_name=profile_name)
    ~~~~~~~~~~~~~~~~~~~~~~~~~~~~~~~^^^^^^^^^^^^^^^^^^^^^^^^^^^^^^^^^^^^
  File "C:\Users\ASUS Vivobook\Documents\de-learning-journey\venv\Lib\site-packages\dbt\task\init.py", line 179, in create_profile_from_target
    self.create_profile_from_profile_template(profile_template, profile_name)
    ~~~~~~~~~~~~~~~~~~~~~~~~~~~~~~~~~~~~~~~~~^^^^^^^^^^^^^^^^^^^^^^^^^^^^^^^^
  File "C:\Users\ASUS Vivobook\Documents\de-learning-journey\venv\Lib\site-packages\dbt\task\init.py", line 163, in create_profile_from_profile_template
    target = self.generate_target_from_input(prompts, initial_target)
  File "C:\Users\ASUS Vivobook\Documents\de-learning-journey\venv\Lib\site-packages\dbt\task\init.py", line 116, in generate_target_from_input
    target = self.generate_target_from_input(
        profile_template_local[key][choice], target
    )
  File "C:\Users\ASUS Vivobook\Documents\de-learning-journey\venv\Lib\site-packages\dbt\task\init.py", line 129, in generate_target_from_input
    target[key] = click.prompt(
                  ~~~~~~~~~~~~^
        text, default=default, hide_input=hide_input, type=type
        ^^^^^^^^^^^^^^^^^^^^^^^^^^^^^^^^^^^^^^^^^^^^^^^^^^^^^^^
    )
    ^
  File "C:\Users\ASUS Vivobook\Documents\de-learning-journey\venv\Lib\site-packages\click\termui.py", line 218, in prompt
    value = prompt_func(prompt)
  File "C:\Users\ASUS Vivobook\Documents\de-learning-journey\venv\Lib\site-packages\click\termui.py", line 201, in prompt_func
    raise Abort() from None
click.exceptions.Abort

[0m21:39:18.326272 [debug] [MainThread]: Command `dbt init` failed at 21:39:18.325446 after 257.15 seconds
[0m21:39:18.329423 [debug] [MainThread]: Sending event: {'category': 'dbt', 'action': 'invocation', 'label': 'end', 'context': [<snowplow_tracker.self_describing_json.SelfDescribingJson object at 0x000002513473B6F0>, <snowplow_tracker.self_describing_json.SelfDescribingJson object at 0x000002513478CB90>, <snowplow_tracker.self_describing_json.SelfDescribingJson object at 0x00000251346BECF0>]}
[0m21:39:18.331570 [debug] [MainThread]: Flushing usage events
[0m21:39:20.235556 [debug] [MainThread]: An error was encountered while trying to flush usage events
[0m21:45:21.313088 [debug] [MainThread]: Sending event: {'category': 'dbt', 'action': 'invocation', 'label': 'start', 'context': [<snowplow_tracker.self_describing_json.SelfDescribingJson object at 0x000002141D5863C0>, <snowplow_tracker.self_describing_json.SelfDescribingJson object at 0x000002141A327110>, <snowplow_tracker.self_describing_json.SelfDescribingJson object at 0x000002141E977ED0>]}


============================== 21:45:21.323801 | f19a5066-4a1a-462e-8815-79ad92cb56d4 ==============================
[0m21:45:21.323801 [info ] [MainThread]: Running with dbt=1.11.11
[0m21:45:21.325467 [debug] [MainThread]: running dbt with arguments {'static_parser': 'True', 'no_print': 'None', 'version_check': 'True', 'target_path': 'None', 'warn_error_options': 'WarnErrorOptionsV2(error=[], warn=[], silence=[])', 'printer_width': '80', 'write_json': 'True', 'introspect': 'True', 'log_cache_events': 'False', 'empty': 'None', 'cache_selected_only': 'False', 'log_format': 'default', 'debug': 'False', 'fail_fast': 'False', 'partial_parse': 'True', 'send_anonymous_usage_stats': 'True', 'quiet': 'False', 'warn_error': 'None', 'profiles_dir': 'C:\\Users\\ASUS Vivobook\\.dbt', 'indirect_selection': 'eager', 'use_colors': 'True', 'invocation_command': 'dbt init project2_dbt', 'use_experimental_parser': 'False', 'log_path': 'logs'}
[0m21:45:21.397182 [info ] [MainThread]: A project called project2_dbt already exists here.
[0m21:45:21.399448 [debug] [MainThread]: Command `dbt init` succeeded at 21:45:21.399124 after 0.36 seconds
[0m21:45:21.400263 [debug] [MainThread]: Sending event: {'category': 'dbt', 'action': 'invocation', 'label': 'end', 'context': [<snowplow_tracker.self_describing_json.SelfDescribingJson object at 0x000002141E98E520>, <snowplow_tracker.self_describing_json.SelfDescribingJson object at 0x000002141FA0B2F0>, <snowplow_tracker.self_describing_json.SelfDescribingJson object at 0x000002141F9988D0>]}
[0m21:45:21.401166 [debug] [MainThread]: Flushing usage events
[0m21:45:23.327956 [debug] [MainThread]: An error was encountered while trying to flush usage events
[0m13:36:31.353895 [debug] [MainThread]: Sending event: {'category': 'dbt', 'action': 'invocation', 'label': 'start', 'context': [<snowplow_tracker.self_describing_json.SelfDescribingJson object at 0x0000028319F6A3C0>, <snowplow_tracker.self_describing_json.SelfDescribingJson object at 0x0000028316C87110>, <snowplow_tracker.self_describing_json.SelfDescribingJson object at 0x000002831B357B10>]}


============================== 13:36:31.368457 | 18550d08-978d-42cc-a40f-3c7f1c374251 ==============================
[0m13:36:31.368457 [info ] [MainThread]: Running with dbt=1.11.11
[0m13:36:31.370199 [debug] [MainThread]: running dbt with arguments {'static_parser': 'True', 'no_print': 'None', 'version_check': 'True', 'warn_error_options': 'WarnErrorOptionsV2(error=[], warn=[], silence=[])', 'target_path': 'None', 'printer_width': '80', 'write_json': 'True', 'empty': 'None', 'log_cache_events': 'False', 'introspect': 'True', 'cache_selected_only': 'False', 'fail_fast': 'False', 'debug': 'False', 'log_format': 'default', 'partial_parse': 'True', 'send_anonymous_usage_stats': 'True', 'quiet': 'False', 'warn_error': 'None', 'profiles_dir': 'C:\\Users\\ASUS Vivobook\\.dbt', 'indirect_selection': 'eager', 'invocation_command': 'dbt debug', 'use_colors': 'True', 'use_experimental_parser': 'False', 'log_path': 'logs'}
[0m13:36:31.453770 [info ] [MainThread]: dbt version: 1.11.11
[0m13:36:31.454849 [info ] [MainThread]: python version: 3.13.7
[0m13:36:31.455985 [info ] [MainThread]: python path: C:\Users\ASUS Vivobook\Documents\de-learning-journey\venv\Scripts\python.exe
[0m13:36:31.456974 [info ] [MainThread]: os info: Windows-11-10.0.26200-SP0
[0m13:36:38.540201 [info ] [MainThread]: Using profiles dir at C:\Users\ASUS Vivobook\.dbt
[0m13:36:38.541551 [info ] [MainThread]: Using profiles.yml file at C:\Users\ASUS Vivobook\.dbt\profiles.yml
[0m13:36:38.542882 [info ] [MainThread]: Using dbt_project.yml file at C:\Users\ASUS Vivobook\Documents\de-learning-journey\dbt_project.yml
[0m13:36:38.543695 [info ] [MainThread]: adapter type: bigquery
[0m13:36:38.544559 [info ] [MainThread]: adapter version: 1.11.1
[0m13:36:38.545611 [info ] [MainThread]: Configuration:
[0m13:36:38.546399 [info ] [MainThread]:   profiles.yml file [[32mOK found and valid[0m]
[0m13:36:38.547482 [info ] [MainThread]:   dbt_project.yml file [[31mERROR not found[0m]
[0m13:36:38.548503 [info ] [MainThread]: Required dependencies:
[0m13:36:38.549458 [debug] [MainThread]: Executing "git --help"
[0m13:36:38.635119 [debug] [MainThread]: STDOUT: "b"usage: git [-v | --version] [-h | --help] [-C <path>] [-c <name>=<value>]\n           [--exec-path[=<path>]] [--html-path] [--man-path] [--info-path]\n           [-p | --paginate | -P | --no-pager] [--no-replace-objects] [--no-lazy-fetch]\n           [--no-optional-locks] [--no-advice] [--bare] [--git-dir=<path>]\n           [--work-tree=<path>] [--namespace=<name>] [--config-env=<name>=<envvar>]\n           <command> [<args>]\n\nThese are common Git commands used in various situations:\n\nstart a working area (see also: git help tutorial)\n   clone      Clone a repository into a new directory\n   init       Create an empty Git repository or reinitialize an existing one\n\nwork on the current change (see also: git help everyday)\n   add        Add file contents to the index\n   mv         Move or rename a file, a directory, or a symlink\n   restore    Restore working tree files\n   rm         Remove files from the working tree and from the index\n\nexamine the history and state (see also: git help revisions)\n   bisect     Use binary search to find the commit that introduced a bug\n   diff       Show changes between commits, commit and working tree, etc\n   grep       Print lines matching a pattern\n   log        Show commit logs\n   show       Show various types of objects\n   status     Show the working tree status\n\ngrow, mark and tweak your common history\n   backfill   Download missing objects in a partial clone\n   branch     List, create, or delete branches\n   commit     Record changes to the repository\n   history    EXPERIMENTAL: Rewrite history\n   merge      Join two or more development histories together\n   rebase     Reapply commits on top of another base tip\n   reset      Set `HEAD` or the index to a known state\n   switch     Switch branches\n   tag        Create, list, delete or verify tags\n\ncollaborate (see also: git help workflows)\n   fetch      Download objects and refs from another repository\n   pull       Fetch from and integrate with another repository or a local branch\n   push       Update remote refs along with associated objects\n\n'git help -a' and 'git help -g' list available subcommands and some\nconcept guides. See 'git help <command>' or 'git help <concept>'\nto read about a specific subcommand or concept.\nSee 'git help git' for an overview of the system.\n""
[0m13:36:38.635967 [debug] [MainThread]: STDERR: "b''"
[0m13:36:38.636690 [info ] [MainThread]:  - git [[32mOK found[0m]

[0m13:36:38.637561 [info ] [MainThread]: Connection:
[0m13:36:38.638466 [info ] [MainThread]:   method: oauth
[0m13:36:38.639229 [info ] [MainThread]:   database: amplified-ward-416314
[0m13:36:38.639924 [info ] [MainThread]:   execution_project: amplified-ward-416314
[0m13:36:38.640870 [info ] [MainThread]:   schema: de_learning
[0m13:36:38.641817 [info ] [MainThread]:   location: None
[0m13:36:38.642618 [info ] [MainThread]:   priority: None
[0m13:36:38.643871 [info ] [MainThread]:   maximum_bytes_billed: None
[0m13:36:38.644985 [info ] [MainThread]:   impersonate_service_account: None
[0m13:36:38.645944 [info ] [MainThread]:   job_retry_deadline_seconds: None
[0m13:36:38.646886 [info ] [MainThread]:   job_retries: 1
[0m13:36:38.648193 [info ] [MainThread]:   job_creation_timeout_seconds: None
[0m13:36:38.649450 [info ] [MainThread]:   job_execution_timeout_seconds: 300
[0m13:36:38.651310 [info ] [MainThread]:   timeout_seconds: 300
[0m13:36:38.652298 [info ] [MainThread]:   client_id: None
[0m13:36:38.653220 [info ] [MainThread]:   token_uri: None
[0m13:36:38.654060 [info ] [MainThread]:   compute_region: None
[0m13:36:38.655261 [info ] [MainThread]:   dataproc_cluster_name: None
[0m13:36:38.656702 [info ] [MainThread]:   gcs_bucket: None
[0m13:36:38.657669 [info ] [MainThread]:   dataproc_batch: None
[0m13:36:38.658797 [info ] [MainThread]: Registered adapter: bigquery=1.11.1
[0m13:36:40.326178 [debug] [MainThread]: Acquiring new bigquery connection 'debug'
[0m13:36:40.326868 [debug] [MainThread]: On debug: select 1 as id
[0m13:36:40.327601 [debug] [MainThread]: Opening a new connection, currently in state init
[0m13:36:53.088345 [debug] [MainThread]: BigQuery adapter: https://console.cloud.google.com/bigquery?project=amplified-ward-416314&j=bq:US:a55529e6-59c7-4a1b-b2af-ab5b5523e7ad&page=queryresults
[0m13:36:53.591421 [debug] [MainThread]: SQL status: OK in 0.502 seconds
[0m13:36:59.649737 [info ] [MainThread]:   Connection test: [[32mOK connection ok[0m]

[0m13:36:59.650813 [info ] [MainThread]: [31m1 check failed:[0m
[0m13:36:59.652280 [info ] [MainThread]: Project loading failed for the following reason:
 project path <C:\Users\ASUS Vivobook\Documents\de-learning-journey\dbt_project.yml> not found

[0m13:36:59.655235 [debug] [MainThread]: Command `dbt debug` failed at 13:36:59.654786 after 28.68 seconds
[0m13:36:59.656544 [debug] [MainThread]: Connection 'debug' was properly closed.
[0m13:36:59.657385 [debug] [MainThread]: Sending event: {'category': 'dbt', 'action': 'invocation', 'label': 'end', 'context': [<snowplow_tracker.self_describing_json.SelfDescribingJson object at 0x000002832DE72190>, <snowplow_tracker.self_describing_json.SelfDescribingJson object at 0x000002832DEAD6D0>, <snowplow_tracker.self_describing_json.SelfDescribingJson object at 0x000002832DD5B130>]}
[0m13:36:59.658036 [debug] [MainThread]: Flushing usage events
[0m13:37:01.774973 [debug] [MainThread]: An error was encountered while trying to flush usage events
